15:58:35 **** Incremental Build of configuration Debug for project 2. gpio_output ****
make -j4 all 
arm-none-eabi-gcc "../Src/main.c" -mcpu=cortex-m4 -std=gnu11 -g3 -DDEBUG -DSTM32 -DSTM32F4 -DSTM32F411CEUx -DSTM32F411xE -c -I../Inc -I"C:/Users/LEEHANEY/Desktop/stm/chip_headers/CMSIS/Device/ST/STM32F4xx/Include" -I"C:/Users/LEEHANEY/Desktop/stm/chip_headers/CMSIS/Include" -O0 -ffunction-sections -fdata-sections -Wall -fstack-usage -MMD -MP -MF"Src/main.d" -MT"Src/main.o" --specs=nano.specs -mfpu=fpv4-sp-d16 -mfloat-abi=hard -mthumb -o "Src/main.o"
arm-none-eabi-gcc -o "2. gpio_output.elf" @"objects.list"   -mcpu=cortex-m4 -T"C:\Users\LEEHANEY\Desktop\stm\f401\2. gpio_output\STM32F411CEUX_FLASH.ld" --specs=nosys.specs -Wl,-Map="2. gpio_output.map" -Wl,--gc-sections -static --specs=nano.specs -mfpu=fpv4-sp-d16 -mfloat-abi=hard -mthumb -Wl,--start-group -lc -lm -Wl,--end-group
Finished building target: 2. gpio_output.elf
 
arm-none-eabi-size   2.\ gpio_output.elf 
arm-none-eabi-objdump -h -S  2.\ gpio_output.elf  > "2. gpio_output.list"
   text	   data	    bss	    dec	    hex	filename
    740	      8	   1568	   2316	    90c	2. gpio_output.elf
Finished building: default.size.stdout
 
Finished building: 2. gpio_output.list
 

15:58:36 Build Finished. 0 errors, 0 warnings. (took 1s.280ms)

